// Jest Snapshot v1, https://goo.gl/fbAQLP

exports[`Label renders correctly 1`] = `
<div
  className="label"
>
  <div>
    <svg
      aria-hidden="true"
      className="svg-inline--fa fa-clock fa-w-16 fa-fw "
      data-icon="clock"
      data-prefix="fas"
      focusable="false"
      role="img"
      style={Object {}}
      viewBox="0 0 512 512"
      xmlns="http://www.w3.org/2000/svg"
    >
      <path
        d="M256,8C119,8,8,119,8,256S119,504,256,504,504,393,504,256,393,8,256,8Zm92.49,313h0l-20,25a16,16,0,0,1-22.49,2.5h0l-67-49.72a40,40,0,0,1-15-31.23V112a16,16,0,0,1,16-16h32a16,16,0,0,1,16,16V256l58,42.5A16,16,0,0,1,348.49,321Z"
        fill="currentColor"
        style={Object {}}
      />
    </svg>
     
    100
  </div>
  <div
    className="cadence-row"
  >
    <label
      className="cadenceLabel"
    >
      Cadence
    </label>
    <input
      className="textField cadence"
      max="150"
      min="40"
      name="cadence"
      onChange={[Function]}
      onClick={[Function]}
      step="5"
      type="number"
      value=""
    />
  </div>
</div>
`;
